// Jest Snapshot v1, https://goo.gl/fbAQLP

exports[`NotFound render should render with title 1`] = `
<div
  className="NotFound__root"
>
  <div
    className="NotFound__container"
  >
    <h1>
      Some title
    </h1>
    <div
      className="NotFound__mainWrapper"
    >
      <div
        className="NotFound__errorWrapper"
      >
        <div>
          <img
            alt=""
            src="404.svg"
          />
        </div>
        <div>
          <div>
            <h2
              className="NotFound__title"
            >
              Page not found
            </h2>
          </div>
          <div
            className="NotFound__errorCode"
          >
            Error code: 404
          </div>
          <div>
            <Link
              className="NotFound__button"
              replace={false}
              to="/health-center"
            >
              Back to home
            </Link>
          </div>
        </div>
      </div>
    </div>
  </div>
</div>
`;
