// Jest Snapshot v1, https://goo.gl/fbAQLP

exports[`About render should render with all props 1`] = `
<div
  className="about__container"
>
  <div
    className="about__wrapper"
  >
    <_class
      footer={
        <h3>
          About footer
        </h3>
      }
      header={
        <h2>
          About header: 
        </h2>
      }
      route={Object {}}
    />
  </div>
</div>
`;
