// Jest Snapshot v1, https://goo.gl/fbAQLP

exports[`TextSourceForm render should render with all props 1`] = `
<Form
  as="form"
  onSubmit={[Function]}
>
  <FormField
    control={[Function]}
    label="Source text"
    name="sourceText"
    onChange={[Function]}
    placeholder="Source of your new words ..."
  />
  <FormField
    control={[Function]}
  >
    Submit
  </FormField>
</Form>
`;
