// Jest Snapshot v1, https://goo.gl/fbAQLP

exports[`CredentialsForm render should render with all props 1`] = `
<Form
  as="form"
>
  <FormGroup
    widths="equal"
  >
    <FormField
      control={[Function]}
      name="login"
      onChange={[Function]}
      placeholder="Lingualeo Login"
    />
    <FormField
      control={[Function]}
      name="password"
      onChange={[Function]}
      placeholder="Password"
      type="password"
    />
    <FormField
      control={[Function]}
    >
      Submit
    </FormField>
  </FormGroup>
  <pre>
    {}
  </pre>
</Form>
`;
