// Jest Snapshot v1, https://goo.gl/fbAQLP

exports[`CredentialsForm render should render with all props 1`] = `
<Form
  as="form"
  onSubmit={[Function]}
>
  <FormGroup
    widths="equal"
  >
    <FormField
      autoComplete="login"
      control={[Function]}
      name="login"
      onChange={[Function]}
      placeholder="Lingualeo Login"
      value=""
    />
    <FormField
      autoComplete="password"
      control={[Function]}
      name="password"
      onChange={[Function]}
      placeholder="Password"
      type="password"
      value=""
    />
    <FormField
      control={[Function]}
    >
      Submit
    </FormField>
  </FormGroup>
</Form>
`;
