// Jest Snapshot v1, https://goo.gl/fbAQLP

exports[`Home render should render with all props 1`] = `
<React.Fragment>
  <StepGroup>
    <Step
      active={true}
      completed={false}
      disabled={false}
    >
      <Icon
        as="i"
        name="newspaper"
      />
      <StepContent>
        <StepTitle>
          Add text
        </StepTitle>
      </StepContent>
    </Step>
    <Step
      active={false}
      completed={false}
      disabled={true}
    >
      <Icon
        as="i"
        name="pencil"
      />
      <StepContent>
        <StepTitle>
          Check new words
        </StepTitle>
      </StepContent>
    </Step>
    <Step
      active={false}
      completed={false}
      disabled={true}
    >
      <Icon
        as="i"
        name="user circle"
      />
      <StepContent>
        <StepTitle>
          Auth
        </StepTitle>
      </StepContent>
    </Step>
    <Step
      active={false}
      completed={false}
      disabled={true}
    >
      <Icon
        as="i"
        name="cloud upload"
      />
      <StepContent>
        <StepTitle>
          Save new words
        </StepTitle>
      </StepContent>
    </Step>
  </StepGroup>
  <React.Fragment>
    <Connect(TextSourceForm)
      onSubmit={[Function]}
    />
  </React.Fragment>
</React.Fragment>
`;
