// Jest Snapshot v1, https://goo.gl/fbAQLP

exports[`AsyncPageLoader render renders correctly from async module: loaded 1`] = `
<LoadableComponent>
  <component>
    <DummyComponent>
      <div>
        Dummy
      </div>
    </DummyComponent>
  </component>
</LoadableComponent>
`;

exports[`AsyncPageLoader render renders correctly from async module: loading 1`] = `
<LoadableComponent>
  <_default
    error={null}
    isLoading={true}
    pastDelay={false}
    timedOut={false}
  >
    <div
      className="loading"
    >
      Loading...
    </div>
  </_default>
</LoadableComponent>
`;

exports[`AsyncPageLoader render renders correctly: loaded 1`] = `
<LoadableComponent>
  <component>
    <DummyComponent>
      <div>
        Dummy
      </div>
    </DummyComponent>
  </component>
</LoadableComponent>
`;

exports[`AsyncPageLoader render renders correctly: loading 1`] = `
<LoadableComponent>
  <_default
    error={null}
    isLoading={true}
    pastDelay={false}
    timedOut={false}
  >
    <div
      className="loading"
    >
      Loading...
    </div>
  </_default>
</LoadableComponent>
`;
